Archive member included to satisfy reference by file (symbol)

c:/program files/microchip/xc8/v2.32/avr/bin/../lib/gcc/avr/5.4.0/avr6/memx-const\libgcc.a(_udivmodhi4.o)
                              build/default/production/myprintf.o (__udivmodhi4)
c:/program files/microchip/xc8/v2.32/avr/bin/../lib/gcc/avr/5.4.0/avr6/memx-const\libgcc.a(_exit.o)
                              C:/Program Files/Microchip/MPLABX/v5.50/packs/Microchip/ATmega_DFP/2.3.126/xc8/avr/lib/avr6/memx-const/crtatmega2560.o (exit)
c:/program files/microchip/xc8/v2.32/avr/bin/../lib/gcc/avr/5.4.0/avr6/memx-const\libgcc.a(_copy_data.o)
                              build/default/production/heap_4.o (__do_copy_data)
c:/program files/microchip/xc8/v2.32/avr/bin/../lib/gcc/avr/5.4.0/avr6/memx-const\libgcc.a(_xload_1.o)
                              build/default/production/event_groups.o (__xload_1)
c:/program files/microchip/xc8/v2.32/avr/bin/../lib/gcc/avr/5.4.0/avr6/memx-const\libgcc.a(_xload_2.o)
                              build/default/production/croutine.o (__xload_2)
c:/program files/microchip/xc8/v2.32/avr/bin/../lib/gcc/avr/5.4.0/../../../../avr/lib/avr6/memx-const\libc.a(memcpy_M.o)
                              build/default/production/queue.o (memcpy)
c:/program files/microchip/xc8/v2.32/avr/bin/../lib/gcc/avr/5.4.0/../../../../avr/lib/avr6/memx-const\libc.a(memset.o)
                              build/default/production/tasks.o (memset)
c:/program files/microchip/xc8/v2.32/avr/bin/../lib/gcc/avr/5.4.0/../../../../avr/lib/avr6/memx-const\libc.a(system_tick.o)
                              build/default/production/port.o (system_tick)
c:/program files/microchip/xc8/v2.32/avr/bin/../lib/gcc/avr/5.4.0/../../../../avr/lib/avr6/memx-const\libc.a(system_time.o)
                              c:/program files/microchip/xc8/v2.32/avr/bin/../lib/gcc/avr/5.4.0/../../../../avr/lib/avr6/memx-const\libc.a(system_tick.o) (__system_time)

Allocating common symbols
Common symbol       size              file

pcf8574_pinstatus   0x1               build/default/production/lcdpcf8574.o
__system_time       0x4               c:/program files/microchip/xc8/v2.32/avr/bin/../lib/gcc/avr/5.4.0/../../../../avr/lib/avr6/memx-const\libc.a(system_time.o)

Discarded input sections

 .data          0x0000000000000000        0x0 C:/Program Files/Microchip/MPLABX/v5.50/packs/Microchip/ATmega_DFP/2.3.126/xc8/avr/lib/avr6/memx-const/crtatmega2560.o
 .bss           0x0000000000000000        0x0 C:/Program Files/Microchip/MPLABX/v5.50/packs/Microchip/ATmega_DFP/2.3.126/xc8/avr/lib/avr6/memx-const/crtatmega2560.o
 .text          0x0000000000000000        0x0 build/default/production/croutine.o
 .data          0x0000000000000000        0x0 build/default/production/croutine.o
 .bss           0x0000000000000000        0x0 build/default/production/croutine.o
 .text.xCoRoutineCreate
                0x0000000000000000       0xf0 build/default/production/croutine.o
 .text.vCoRoutineAddToDelayedList
                0x0000000000000000       0x86 build/default/production/croutine.o
 .text.vCoRoutineSchedule
                0x0000000000000000      0x274 build/default/production/croutine.o
 .text.xCoRoutineRemoveFromEventList
                0x0000000000000000       0x52 build/default/production/croutine.o
 .bss.xPassedTicks
                0x0000000000000000        0x2 build/default/production/croutine.o
 .bss.xLastTickCount
                0x0000000000000000        0x2 build/default/production/croutine.o
 .bss.xCoRoutineTickCount
                0x0000000000000000        0x2 build/default/production/croutine.o
 .bss.uxTopCoRoutineReadyPriority
                0x0000000000000000        0x1 build/default/production/croutine.o
 .bss.pxCurrentCoRoutine
                0x0000000000000000        0x2 build/default/production/croutine.o
 .bss.xPendingReadyCoRoutineList
                0x0000000000000000        0x9 build/default/production/croutine.o
 .bss.pxOverflowDelayedCoRoutineList
                0x0000000000000000        0x2 build/default/production/croutine.o
 .bss.pxDelayedCoRoutineList
                0x0000000000000000        0x2 build/default/production/croutine.o
 .bss.xDelayedCoRoutineList2
                0x0000000000000000        0x9 build/default/production/croutine.o
 .bss.xDelayedCoRoutineList1
                0x0000000000000000        0x9 build/default/production/croutine.o
 .bss.pxReadyCoRoutineLists
                0x0000000000000000       0x12 build/default/production/croutine.o
 .debug_info    0x0000000000000000      0xb60 build/default/production/croutine.o
 .debug_abbrev  0x0000000000000000      0x265 build/default/production/croutine.o
 .debug_loc     0x0000000000000000      0x286 build/default/production/croutine.o
 .debug_aranges
                0x0000000000000000       0x38 build/default/production/croutine.o
 .debug_ranges  0x0000000000000000       0x28 build/default/production/croutine.o
 .debug_line    0x0000000000000000      0x2e5 build/default/production/croutine.o
 .debug_str     0x0000000000000000       0xa8 build/default/production/croutine.o
 .comment       0x0000000000000000       0x30 build/default/production/croutine.o
 .debug_frame   0x0000000000000000       0xc0 build/default/production/croutine.o
 .text          0x0000000000000000        0x0 build/default/production/event_groups.o
 .data          0x0000000000000000        0x0 build/default/production/event_groups.o
 .bss           0x0000000000000000        0x0 build/default/production/event_groups.o
 .text.xEventGroupCreate
                0x0000000000000000       0x26 build/default/production/event_groups.o
 .text.xEventGroupSync
                0x0000000000000000      0x1b2 build/default/production/event_groups.o
 .text.xEventGroupWaitBits
                0x0000000000000000      0x10e build/default/production/event_groups.o
 .text.xEventGroupClearBits
                0x0000000000000000       0x1e build/default/production/event_groups.o
 .text.xEventGroupClearBitsFromISR
                0x0000000000000000       0x14 build/default/production/event_groups.o
 .text.xEventGroupSetBits
                0x0000000000000000       0xd2 build/default/production/event_groups.o
 .text.vEventGroupDelete
                0x0000000000000000       0x74 build/default/production/event_groups.o
 .text.vEventGroupSetBitsCallback
                0x0000000000000000        0x8 build/default/production/event_groups.o
 .debug_info    0x0000000000000000      0xcaa build/default/production/event_groups.o
 .debug_abbrev  0x0000000000000000      0x26d build/default/production/event_groups.o
 .debug_loc     0x0000000000000000      0xeaf build/default/production/event_groups.o
 .debug_aranges
                0x0000000000000000       0x58 build/default/production/event_groups.o
 .debug_ranges  0x0000000000000000       0x78 build/default/production/event_groups.o
 .debug_line    0x0000000000000000      0x3e7 build/default/production/event_groups.o
 .debug_str     0x0000000000000000      0x185 build/default/production/event_groups.o
 .comment       0x0000000000000000       0x30 build/default/production/event_groups.o
 .debug_frame   0x0000000000000000      0x190 build/default/production/event_groups.o
 .text          0x0000000000000000        0x0 build/default/production/heap_4.o
 .data          0x0000000000000000        0x0 build/default/production/heap_4.o
 .bss           0x0000000000000000        0x0 build/default/production/heap_4.o
 .text.xPortGetFreeHeapSize
                0x0000000000000000        0xa build/default/production/heap_4.o
 .text.xPortGetMinimumEverFreeHeapSize
                0x0000000000000000        0xa build/default/production/heap_4.o
 .text.vPortInitialiseBlocks
                0x0000000000000000        0x2 build/default/production/heap_4.o
 .text          0x0000000000000000        0x0 build/default/production/hooks.o
 .data          0x0000000000000000        0x0 build/default/production/hooks.o
 .bss           0x0000000000000000        0x0 build/default/production/hooks.o
 .text          0x0000000000000000        0x0 build/default/production/list.o
 .data          0x0000000000000000        0x0 build/default/production/list.o
 .bss           0x0000000000000000        0x0 build/default/production/list.o
 .text          0x0000000000000000        0x0 build/default/production/myprintf.o
 .data          0x0000000000000000        0x0 build/default/production/myprintf.o
 .bss           0x0000000000000000        0x0 build/default/production/myprintf.o
 .text.mini_itoa
                0x0000000000000000      0x116 build/default/production/myprintf.o
 .text._putc    0x0000000000000000       0x40 build/default/production/myprintf.o
 .text._puts    0x0000000000000000       0x64 build/default/production/myprintf.o
 .text.mini_vsnprintf
                0x0000000000000000      0x25e build/default/production/myprintf.o
 .text.mini_snprintf
                0x0000000000000000       0x2e build/default/production/myprintf.o
 .text          0x0000000000000000        0x0 build/default/production/port.o
 .data          0x0000000000000000        0x0 build/default/production/port.o
 .bss           0x0000000000000000        0x0 build/default/production/port.o
 .text.vPortEndScheduler
                0x0000000000000000        0x2 build/default/production/port.o
 .text          0x0000000000000000        0x0 build/default/production/queue.o
 .data          0x0000000000000000        0x0 build/default/production/queue.o
 .bss           0x0000000000000000        0x0 build/default/production/queue.o
 .text.xQueueGenericReset
                0x0000000000000000       0x7c build/default/production/queue.o
 .text.xQueueCreateMutex
                0x0000000000000000      0x3b6 build/default/production/queue.o
 .text.xQueueGenericSendFromISR
                0x0000000000000000      0x10e build/default/production/queue.o
 .text.xQueueReceiveFromISR
                0x0000000000000000       0x9a build/default/production/queue.o
 .text.xQueuePeekFromISR
                0x0000000000000000       0x5a build/default/production/queue.o
 .text.uxQueueMessagesWaiting
                0x0000000000000000       0x10 build/default/production/queue.o
 .text.uxQueueSpacesAvailable
                0x0000000000000000       0x14 build/default/production/queue.o
 .text.uxQueueMessagesWaitingFromISR
                0x0000000000000000        0x6 build/default/production/queue.o
 .text.vQueueDelete
                0x0000000000000000       0x1e build/default/production/queue.o
 .text.xQueueIsQueueEmptyFromISR
                0x0000000000000000        0xc build/default/production/queue.o
 .text.xQueueIsQueueFullFromISR
                0x0000000000000000        0xe build/default/production/queue.o
 .text          0x0000000000000000        0x0 build/default/production/tasks.o
 .data          0x0000000000000000        0x0 build/default/production/tasks.o
 .bss           0x0000000000000000        0x0 build/default/production/tasks.o
 .text.vTaskDelayUntil
                0x0000000000000000      0x378 build/default/production/tasks.o
 .text.vTaskSuspend
                0x0000000000000000      0x1d8 build/default/production/tasks.o
 .text.vTaskResume
                0x0000000000000000       0xc0 build/default/production/tasks.o
 .text.xTaskResumeFromISR
                0x0000000000000000       0xce build/default/production/tasks.o
 .text.vTaskEndScheduler
                0x0000000000000000        0xc build/default/production/tasks.o
 .text.xTaskGetTickCount
                0x0000000000000000       0x14 build/default/production/tasks.o
 .text.xTaskGetTickCountFromISR
                0x0000000000000000        0xa build/default/production/tasks.o
 .text.uxTaskGetNumberOfTasks
                0x0000000000000000        0x6 build/default/production/tasks.o
 .text.vTaskPlaceOnUnorderedEventList
                0x0000000000000000       0xc4 build/default/production/tasks.o
 .text.xTaskRemoveFromUnorderedEventList
                0x0000000000000000       0x74 build/default/production/tasks.o
 .text.uxTaskGetStackHighWaterMark
                0x0000000000000000       0x4e build/default/production/tasks.o
 .text.uxTaskResetEventItemValue
                0x0000000000000000       0x2e build/default/production/tasks.o
 .text          0x0000000000000000        0x0 build/default/production/timers.o
 .data          0x0000000000000000        0x0 build/default/production/timers.o
 .bss           0x0000000000000000        0x0 build/default/production/timers.o
 .debug_info    0x0000000000000000      0x20e build/default/production/timers.o
 .debug_abbrev  0x0000000000000000       0x1b build/default/production/timers.o
 .debug_aranges
                0x0000000000000000       0x18 build/default/production/timers.o
 .debug_line    0x0000000000000000       0x1a build/default/production/timers.o
 .debug_str     0x0000000000000000        0x0 build/default/production/timers.o
 .comment       0x0000000000000000       0x30 build/default/production/timers.o
 .text          0x0000000000000000        0x0 build/default/production/main.o
 .data          0x0000000000000000        0x0 build/default/production/main.o
 .bss           0x0000000000000000        0x0 build/default/production/main.o
 .text          0x0000000000000000        0x0 build/default/production/i2cmaster.o
 .data          0x0000000000000000        0x0 build/default/production/i2cmaster.o
 .bss           0x0000000000000000        0x0 build/default/production/i2cmaster.o
 .text.i2c_rep_start
                0x0000000000000000        0x6 build/default/production/i2cmaster.o
 .text.i2c_readAck
                0x0000000000000000       0x16 build/default/production/i2cmaster.o
 .text          0x0000000000000000        0x0 build/default/production/lcdpcf8574.o
 .data          0x0000000000000000        0x0 build/default/production/lcdpcf8574.o
 .bss           0x0000000000000000        0x0 build/default/production/lcdpcf8574.o
 .text.lcd_data
                0x0000000000000000       0x14 build/default/production/lcdpcf8574.o
 .text.lcd_getxy
                0x0000000000000000        0x8 build/default/production/lcdpcf8574.o
 .text.lcd_clear_CGRAM
                0x0000000000000000       0x1a build/default/production/lcdpcf8574.o
 .text.lcd_create_custom_char
                0x0000000000000000       0x5e build/default/production/lcdpcf8574.o
 .text.lcd_puts
                0x0000000000000000       0x4c build/default/production/lcdpcf8574.o
 .text.lcd_puts_p
                0x0000000000000000       0x34 build/default/production/lcdpcf8574.o
 .text          0x0000000000000000        0x0 build/default/production/pcf8574.o
 .data          0x0000000000000000        0x0 build/default/production/pcf8574.o
 .bss           0x0000000000000000        0x0 build/default/production/pcf8574.o
 .text.pcf8574_getoutput
                0x0000000000000000        0xe build/default/production/pcf8574.o
 .text.pcf8574_getoutputpin
                0x0000000000000000       0x28 build/default/production/pcf8574.o
 .text.pcf8574_setoutputpins
                0x0000000000000000       0x80 build/default/production/pcf8574.o
 .text          0x0000000000000000        0x0 c:/program files/microchip/xc8/v2.32/avr/bin/../lib/gcc/avr/5.4.0/avr6/memx-const\libgcc.a(_udivmodhi4.o)
 .data          0x0000000000000000        0x0 c:/program files/microchip/xc8/v2.32/avr/bin/../lib/gcc/avr/5.4.0/avr6/memx-const\libgcc.a(_udivmodhi4.o)
 .bss           0x0000000000000000        0x0 c:/program files/microchip/xc8/v2.32/avr/bin/../lib/gcc/avr/5.4.0/avr6/memx-const\libgcc.a(_udivmodhi4.o)
 .text.libgcc.mul
                0x0000000000000000        0x0 c:/program files/microchip/xc8/v2.32/avr/bin/../lib/gcc/avr/5.4.0/avr6/memx-const\libgcc.a(_udivmodhi4.o)
 .text.libgcc.div
                0x0000000000000000       0x28 c:/program files/microchip/xc8/v2.32/avr/bin/../lib/gcc/avr/5.4.0/avr6/memx-const\libgcc.a(_udivmodhi4.o)
 .stack.descriptors.hdr
                0x0000000000000000        0xe c:/program files/microchip/xc8/v2.32/avr/bin/../lib/gcc/avr/5.4.0/avr6/memx-const\libgcc.a(_udivmodhi4.o)
 .stack.descriptors
                0x0000000000000000       0x1a c:/program files/microchip/xc8/v2.32/avr/bin/../lib/gcc/avr/5.4.0/avr6/memx-const\libgcc.a(_udivmodhi4.o)
 .text.libgcc   0x0000000000000000        0x0 c:/program files/microchip/xc8/v2.32/avr/bin/../lib/gcc/avr/5.4.0/avr6/memx-const\libgcc.a(_udivmodhi4.o)
 .text.libgcc.prologue
                0x0000000000000000        0x0 c:/program files/microchip/xc8/v2.32/avr/bin/../lib/gcc/avr/5.4.0/avr6/memx-const\libgcc.a(_udivmodhi4.o)
 .text.libgcc.builtins
                0x0000000000000000        0x0 c:/program files/microchip/xc8/v2.32/avr/bin/../lib/gcc/avr/5.4.0/avr6/memx-const\libgcc.a(_udivmodhi4.o)
 .text.libgcc.fmul
                0x0000000000000000        0x0 c:/program files/microchip/xc8/v2.32/avr/bin/../lib/gcc/avr/5.4.0/avr6/memx-const\libgcc.a(_udivmodhi4.o)
 .text.libgcc.fixed
                0x0000000000000000        0x0 c:/program files/microchip/xc8/v2.32/avr/bin/../lib/gcc/avr/5.4.0/avr6/memx-const\libgcc.a(_udivmodhi4.o)
 .text          0x0000000000000000        0x0 c:/program files/microchip/xc8/v2.32/avr/bin/../lib/gcc/avr/5.4.0/avr6/memx-const\libgcc.a(_exit.o)
 .data          0x0000000000000000        0x0 c:/program files/microchip/xc8/v2.32/avr/bin/../lib/gcc/avr/5.4.0/avr6/memx-const\libgcc.a(_exit.o)
 .bss           0x0000000000000000        0x0 c:/program files/microchip/xc8/v2.32/avr/bin/../lib/gcc/avr/5.4.0/avr6/memx-const\libgcc.a(_exit.o)
 .text.libgcc.mul
                0x0000000000000000        0x0 c:/program files/microchip/xc8/v2.32/avr/bin/../lib/gcc/avr/5.4.0/avr6/memx-const\libgcc.a(_exit.o)
 .text.libgcc.div
                0x0000000000000000        0x0 c:/program files/microchip/xc8/v2.32/avr/bin/../lib/gcc/avr/5.4.0/avr6/memx-const\libgcc.a(_exit.o)
 .text.libgcc   0x0000000000000000        0x0 c:/program files/microchip/xc8/v2.32/avr/bin/../lib/gcc/avr/5.4.0/avr6/memx-const\libgcc.a(_exit.o)
 .text.libgcc.prologue
                0x0000000000000000        0x0 c:/program files/microchip/xc8/v2.32/avr/bin/../lib/gcc/avr/5.4.0/avr6/memx-const\libgcc.a(_exit.o)
 .stack.descriptors
                0x0000000000000000       0x13 c:/program files/microchip/xc8/v2.32/avr/bin/../lib/gcc/avr/5.4.0/avr6/memx-const\libgcc.a(_exit.o)
 .text.libgcc.builtins
                0x0000000000000000        0x0 c:/program files/microchip/xc8/v2.32/avr/bin/../lib/gcc/avr/5.4.0/avr6/memx-const\libgcc.a(_exit.o)
 .text.libgcc.fmul
                0x0000000000000000        0x0 c:/program files/microchip/xc8/v2.32/avr/bin/../lib/gcc/avr/5.4.0/avr6/memx-const\libgcc.a(_exit.o)
 .text.libgcc.fixed
                0x0000000000000000        0x0 c:/program files/microchip/xc8/v2.32/avr/bin/../lib/gcc/avr/5.4.0/avr6/memx-const\libgcc.a(_exit.o)
 .text          0x0000000000000000        0x0 c:/program files/microchip/xc8/v2.32/avr/bin/../lib/gcc/avr/5.4.0/avr6/memx-const\libgcc.a(_copy_data.o)
 .data          0x0000000000000000        0x0 c:/program files/microchip/xc8/v2.32/avr/bin/../lib/gcc/avr/5.4.0/avr6/memx-const\libgcc.a(_copy_data.o)
 .bss           0x0000000000000000        0x0 c:/program files/microchip/xc8/v2.32/avr/bin/../lib/gcc/avr/5.4.0/avr6/memx-const\libgcc.a(_copy_data.o)
 .text.libgcc.mul
                0x0000000000000000        0x0 c:/program files/microchip/xc8/v2.32/avr/bin/../lib/gcc/avr/5.4.0/avr6/memx-const\libgcc.a(_copy_data.o)
 .text.libgcc.div
                0x0000000000000000        0x0 c:/program files/microchip/xc8/v2.32/avr/bin/../lib/gcc/avr/5.4.0/avr6/memx-const\libgcc.a(_copy_data.o)
 .text.libgcc   0x0000000000000000        0x0 c:/program files/microchip/xc8/v2.32/avr/bin/../lib/gcc/avr/5.4.0/avr6/memx-const\libgcc.a(_copy_data.o)
 .text.libgcc.prologue
                0x0000000000000000        0x0 c:/program files/microchip/xc8/v2.32/avr/bin/../lib/gcc/avr/5.4.0/avr6/memx-const\libgcc.a(_copy_data.o)
 .text.libgcc.builtins
                0x0000000000000000        0x0 c:/program files/microchip/xc8/v2.32/avr/bin/../lib/gcc/avr/5.4.0/avr6/memx-const\libgcc.a(_copy_data.o)
 .text.libgcc.fmul
                0x0000000000000000        0x0 c:/program files/microchip/xc8/v2.32/avr/bin/../lib/gcc/avr/5.4.0/avr6/memx-const\libgcc.a(_copy_data.o)
 .text.libgcc.fixed
                0x0000000000000000        0x0 c:/program files/microchip/xc8/v2.32/avr/bin/../lib/gcc/avr/5.4.0/avr6/memx-const\libgcc.a(_copy_data.o)
 .text          0x0000000000000000        0x0 c:/program files/microchip/xc8/v2.32/avr/bin/../lib/gcc/avr/5.4.0/avr6/memx-const\libgcc.a(_xload_1.o)
 .data          0x0000000000000000        0x0 c:/program files/microchip/xc8/v2.32/avr/bin/../lib/gcc/avr/5.4.0/avr6/memx-const\libgcc.a(_xload_1.o)
 .bss           0x0000000000000000        0x0 c:/program files/microchip/xc8/v2.32/avr/bin/../lib/gcc/avr/5.4.0/avr6/memx-const\libgcc.a(_xload_1.o)
 .text.libgcc.mul
                0x0000000000000000        0x0 c:/program files/microchip/xc8/v2.32/avr/bin/../lib/gcc/avr/5.4.0/avr6/memx-const\libgcc.a(_xload_1.o)
 .text.libgcc.div
                0x0000000000000000        0x0 c:/program files/microchip/xc8/v2.32/avr/bin/../lib/gcc/avr/5.4.0/avr6/memx-const\libgcc.a(_xload_1.o)
 .text.libgcc.prologue
                0x0000000000000000        0x0 c:/program files/microchip/xc8/v2.32/avr/bin/../lib/gcc/avr/5.4.0/avr6/memx-const\libgcc.a(_xload_1.o)
 .stack.descriptors
                0x0000000000000000       0x17 c:/program files/microchip/xc8/v2.32/avr/bin/../lib/gcc/avr/5.4.0/avr6/memx-const\libgcc.a(_xload_1.o)
 .text.libgcc.builtins
                0x0000000000000000        0x0 c:/program files/microchip/xc8/v2.32/avr/bin/../lib/gcc/avr/5.4.0/avr6/memx-const\libgcc.a(_xload_1.o)
 .text.libgcc.fmul
                0x0000000000000000        0x0 c:/program files/microchip/xc8/v2.32/avr/bin/../lib/gcc/avr/5.4.0/avr6/memx-const\libgcc.a(_xload_1.o)
 .text.libgcc.fixed
                0x0000000000000000        0x0 c:/program files/microchip/xc8/v2.32/avr/bin/../lib/gcc/avr/5.4.0/avr6/memx-const\libgcc.a(_xload_1.o)
 .text          0x0000000000000000        0x0 c:/program files/microchip/xc8/v2.32/avr/bin/../lib/gcc/avr/5.4.0/avr6/memx-const\libgcc.a(_xload_2.o)
 .data          0x0000000000000000        0x0 c:/program files/microchip/xc8/v2.32/avr/bin/../lib/gcc/avr/5.4.0/avr6/memx-const\libgcc.a(_xload_2.o)
 .bss           0x0000000000000000        0x0 c:/program files/microchip/xc8/v2.32/avr/bin/../lib/gcc/avr/5.4.0/avr6/memx-const\libgcc.a(_xload_2.o)
 .text.libgcc.mul
                0x0000000000000000        0x0 c:/program files/microchip/xc8/v2.32/avr/bin/../lib/gcc/avr/5.4.0/avr6/memx-const\libgcc.a(_xload_2.o)
 .text.libgcc.div
                0x0000000000000000        0x0 c:/program files/microchip/xc8/v2.32/avr/bin/../lib/gcc/avr/5.4.0/avr6/memx-const\libgcc.a(_xload_2.o)
 .text.libgcc.prologue
                0x0000000000000000        0x0 c:/program files/microchip/xc8/v2.32/avr/bin/../lib/gcc/avr/5.4.0/avr6/memx-const\libgcc.a(_xload_2.o)
 .stack.descriptors
                0x0000000000000000       0x17 c:/program files/microchip/xc8/v2.32/avr/bin/../lib/gcc/avr/5.4.0/avr6/memx-const\libgcc.a(_xload_2.o)
 .text.libgcc.builtins
                0x0000000000000000        0x0 c:/program files/microchip/xc8/v2.32/avr/bin/../lib/gcc/avr/5.4.0/avr6/memx-const\libgcc.a(_xload_2.o)
 .text.libgcc.fmul
                0x0000000000000000        0x0 c:/program files/microchip/xc8/v2.32/avr/bin/../lib/gcc/avr/5.4.0/avr6/memx-const\libgcc.a(_xload_2.o)
 .text.libgcc.fixed
                0x0000000000000000        0x0 c:/program files/microchip/xc8/v2.32/avr/bin/../lib/gcc/avr/5.4.0/avr6/memx-const\libgcc.a(_xload_2.o)
 .text          0x0000000000000000        0x0 c:/program files/microchip/xc8/v2.32/avr/bin/../lib/gcc/avr/5.4.0/../../../../avr/lib/avr6/memx-const\libc.a(memcpy_M.o)
 .data          0x0000000000000000        0x0 c:/program files/microchip/xc8/v2.32/avr/bin/../lib/gcc/avr/5.4.0/../../../../avr/lib/avr6/memx-const\libc.a(memcpy_M.o)
 .bss           0x0000000000000000        0x0 c:/program files/microchip/xc8/v2.32/avr/bin/../lib/gcc/avr/5.4.0/../../../../avr/lib/avr6/memx-const\libc.a(memcpy_M.o)
 .stack.descriptors
                0x0000000000000000       0x14 c:/program files/microchip/xc8/v2.32/avr/bin/../lib/gcc/avr/5.4.0/../../../../avr/lib/avr6/memx-const\libc.a(memcpy_M.o)
 .text          0x0000000000000000        0x0 c:/program files/microchip/xc8/v2.32/avr/bin/../lib/gcc/avr/5.4.0/../../../../avr/lib/avr6/memx-const\libc.a(memset.o)
 .data          0x0000000000000000        0x0 c:/program files/microchip/xc8/v2.32/avr/bin/../lib/gcc/avr/5.4.0/../../../../avr/lib/avr6/memx-const\libc.a(memset.o)
 .bss           0x0000000000000000        0x0 c:/program files/microchip/xc8/v2.32/avr/bin/../lib/gcc/avr/5.4.0/../../../../avr/lib/avr6/memx-const\libc.a(memset.o)
 .stack.descriptors
                0x0000000000000000       0x14 c:/program files/microchip/xc8/v2.32/avr/bin/../lib/gcc/avr/5.4.0/../../../../avr/lib/avr6/memx-const\libc.a(memset.o)
 .data          0x0000000000000000        0x0 c:/program files/microchip/xc8/v2.32/avr/bin/../lib/gcc/avr/5.4.0/../../../../avr/lib/avr6/memx-const\libc.a(system_tick.o)
 .bss           0x0000000000000000        0x0 c:/program files/microchip/xc8/v2.32/avr/bin/../lib/gcc/avr/5.4.0/../../../../avr/lib/avr6/memx-const\libc.a(system_tick.o)
 .stack.descriptors
                0x0000000000000000       0x19 c:/program files/microchip/xc8/v2.32/avr/bin/../lib/gcc/avr/5.4.0/../../../../avr/lib/avr6/memx-const\libc.a(system_tick.o)
 .text          0x0000000000000000        0x0 c:/program files/microchip/xc8/v2.32/avr/bin/../lib/gcc/avr/5.4.0/../../../../avr/lib/avr6/memx-const\libc.a(system_time.o)
 .data          0x0000000000000000        0x0 c:/program files/microchip/xc8/v2.32/avr/bin/../lib/gcc/avr/5.4.0/../../../../avr/lib/avr6/memx-const\libc.a(system_time.o)
 .bss           0x0000000000000000        0x0 c:/program files/microchip/xc8/v2.32/avr/bin/../lib/gcc/avr/5.4.0/../../../../avr/lib/avr6/memx-const\libc.a(system_time.o)

Memory Configuration

Name             Origin             Length             Attributes
text             0x0000000000000000 0x0000000000040000 xr
data             0x0000000000800200 0x0000000000002000 rw !x
eeprom           0x0000000000810000 0x0000000000001000 rw !x
fuse             0x0000000000820000 0x0000000000000003 rw !x
lock             0x0000000000830000 0x0000000000000400 rw !x
signature        0x0000000000840000 0x0000000000000400 rw !x
user_signatures  0x0000000000850000 0x0000000000000400 rw !x
*default*        0x0000000000000000 0xffffffffffffffff

Linker script and memory map

Address of section .data set to 0x800200
LOAD C:/Program Files/Microchip/MPLABX/v5.50/packs/Microchip/ATmega_DFP/2.3.126/xc8/avr/lib/avr6/memx-const/crtatmega2560.o
                0x0000000000000001                __MPLAB_BUILD = 0x1
LOAD build/default/production/croutine.o
LOAD build/default/production/event_groups.o
LOAD build/default/production/heap_4.o
LOAD build/default/production/hooks.o
LOAD build/default/production/list.o
LOAD build/default/production/myprintf.o
LOAD build/default/production/port.o
LOAD build/default/production/queue.o
LOAD build/default/production/tasks.o
LOAD build/default/production/timers.o
LOAD build/default/production/main.o
LOAD build/default/production/i2cmaster.o
LOAD build/default/production/lcdpcf8574.o
LOAD build/default/production/pcf8574.o
START GROUP
LOAD c:/program files/microchip/xc8/v2.32/avr/bin/../lib/gcc/avr/5.4.0/../../../../avr/lib/avr6/memx-const\libm.a
END GROUP
START GROUP
LOAD c:/program files/microchip/xc8/v2.32/avr/bin/../lib/gcc/avr/5.4.0/avr6/memx-const\libgcc.a
LOAD c:/program files/microchip/xc8/v2.32/avr/bin/../lib/gcc/avr/5.4.0/../../../../avr/lib/avr6/memx-const\libm.a
LOAD c:/program files/microchip/xc8/v2.32/avr/bin/../lib/gcc/avr/5.4.0/../../../../avr/lib/avr6/memx-const\libc.a
LOAD C:/Program Files/Microchip/MPLABX/v5.50/packs/Microchip/ATmega_DFP/2.3.126/xc8/avr/lib/avr6/memx-const\libatmega2560.a
END GROUP
                0x0000000000000000                __TEXT_REGION_ORIGIN__ = DEFINED (__TEXT_REGION_ORIGIN__)?__TEXT_REGION_ORIGIN__:0x0
                [0x0000000000800200]                __DATA_REGION_ORIGIN__ = DEFINED (__DATA_REGION_ORIGIN__)?__DATA_REGION_ORIGIN__:0x800200
                [0x0000000000040000]                __TEXT_REGION_LENGTH__ = DEFINED (__TEXT_REGION_LENGTH__)?__TEXT_REGION_LENGTH__:0x100000
                [0x0000000000002000]                __DATA_REGION_LENGTH__ = DEFINED (__DATA_REGION_LENGTH__)?__DATA_REGION_LENGTH__:0xfe00
                [0x0000000000001000]                __EEPROM_REGION_LENGTH__ = DEFINED (__EEPROM_REGION_LENGTH__)?__EEPROM_REGION_LENGTH__:0x10000
                [0x0000000000000003]                __FUSE_REGION_LENGTH__ = DEFINED (__FUSE_REGION_LENGTH__)?__FUSE_REGION_LENGTH__:0x400
                0x0000000000000400                __LOCK_REGION_LENGTH__ = DEFINED (__LOCK_REGION_LENGTH__)?__LOCK_REGION_LENGTH__:0x400
                0x0000000000000400                __SIGNATURE_REGION_LENGTH__ = DEFINED (__SIGNATURE_REGION_LENGTH__)?__SIGNATURE_REGION_LENGTH__:0x400
                0x0000000000000400                __USER_SIGNATURE_REGION_LENGTH__ = DEFINED (__USER_SIGNATURE_REGION_LENGTH__)?__USER_SIGNATURE_REGION_LENGTH__:0x400

.hash
 *(.hash)

.dynsym
 *(.dynsym)

.dynstr
 *(.dynstr)

.gnu.version
 *(.gnu.version)

.gnu.version_d
 *(.gnu.version_d)

.gnu.version_r
 *(.gnu.version_r)

.rel.init
 *(.rel.init)

.rela.init
 *(.rela.init)

.rel.text
 *(.rel.text)
 *(.rel.text.*)
 *(.rel.gnu.linkonce.t*)

.rela.text
 *(.rela.text)
 *(.rela.text.*)
 *(.rela.gnu.linkonce.t*)

.rel.fini
 *(.rel.fini)

.rela.fini
 *(.rela.fini)

.rel.rodata
 *(.rel.rodata)
 *(.rel.rodata.*)
 *(.rel.gnu.linkonce.r*)

.rela.rodata
 *(.rela.rodata)
 *(.rela.rodata.*)
 *(.rela.gnu.linkonce.r*)

.rel.data
 *(.rel.data)
 *(.rel.data.*)
 *(.rel.gnu.linkonce.d*)

.rela.data
 *(.rela.data)
 *(.rela.data.*)
 *(.rela.gnu.linkonce.d*)

.rel.ctors
 *(.rel.ctors)

.rela.ctors
 *(.rela.ctors)

.rel.dtors
 *(.rel.dtors)

.rela.dtors
 *(.rela.dtors)

.rel.got
 *(.rel.got)

.rela.got
 *(.rela.got)

.rel.bss
 *(.rel.bss)

.rela.bss
 *(.rela.bss)

.rel.plt
 *(.rel.plt)

.rela.plt
 *(.rela.plt)

.text           0x0000000000000000      0x17a
 *(.vectors)
 .vectors       0x0000000000000000       0xe4 C:/Program Files/Microchip/MPLABX/v5.50/packs/Microchip/ATmega_DFP/2.3.126/xc8/avr/lib/avr6/memx-const/crtatmega2560.o
                0x0000000000000000                __vector_default
                0x0000000000000000                __vectors
 *(.vectors)
 *(.progmem.gcc*)
 *(.dinit)
 .dinit         0x00000000000000e4       0x1d data_init
                0x0000000000000102                . = ALIGN (0x2)
 *fill*         0x0000000000000101        0x1 
                0x0000000000000102                __trampolines_start = .
 *(.trampolines)
 .trampolines   0x0000000000000102        0xc linker stubs
 *(.trampolines*)
                0x000000000000010e                __trampolines_end = .
 *libprintf_flt.a:*(.progmem.data)
 *libc.a:*(.progmem.data)
                0x000000000000010e                . = ALIGN (0x2)
 *(.jumptables)
 *(.jumptables*)
 *(.lowtext)
 .lowtext       0x000000000000010e       0x10 build/default/production/tasks.o
 *(.lowtext*)
                0x000000000000011e                __ctors_start = .
 *(.ctors)
                0x000000000000011e                __ctors_end = .
                0x000000000000011e                __dtors_start = .
 *(.dtors)
                0x000000000000011e                __dtors_end = .
 SORT(*)(.ctors)
 SORT(*)(.dtors)
 *(.init0)
 .init0         0x000000000000011e        0x0 C:/Program Files/Microchip/MPLABX/v5.50/packs/Microchip/ATmega_DFP/2.3.126/xc8/avr/lib/avr6/memx-const/crtatmega2560.o
                0x000000000000011e                __init
 *(.init0)
 *(.init1)
 *(.init1)
 *(.init2)
 .init2         0x000000000000011e       0x10 C:/Program Files/Microchip/MPLABX/v5.50/packs/Microchip/ATmega_DFP/2.3.126/xc8/avr/lib/avr6/memx-const/crtatmega2560.o
 *(.init2)
 *(.init3)
 *(.init3)
 *(.init4)
 .init4         0x000000000000012e       0x40 c:/program files/microchip/xc8/v2.32/avr/bin/../lib/gcc/avr/5.4.0/avr6/memx-const\libgcc.a(_copy_data.o)
                0x000000000000012e                __do_copy_data
                0x0000000000000160                __do_clear_bss
 *(.init4)
 *(.init5)
 *(.init5)
 *(.init6)
 *(.init6)
 *(.init7)
 *(.init7)
 *(.init8)
 *(.init8)
 *(.init9)
 .init9         0x000000000000016e        0x8 C:/Program Files/Microchip/MPLABX/v5.50/packs/Microchip/ATmega_DFP/2.3.126/xc8/avr/lib/avr6/memx-const/crtatmega2560.o
 *(.init9)
                0x0000000000000176                . = ALIGN (0x2)
 *(.fini9)
 .fini9         0x0000000000000176        0x0 c:/program files/microchip/xc8/v2.32/avr/bin/../lib/gcc/avr/5.4.0/avr6/memx-const\libgcc.a(_exit.o)
                0x0000000000000176                _exit
                0x0000000000000176                exit
 *(.fini9)
 *(.fini8)
 *(.fini8)
 *(.fini7)
 *(.fini7)
 *(.fini6)
 *(.fini6)
 *(.fini5)
 *(.fini5)
 *(.fini4)
 *(.fini4)
 *(.fini3)
 *(.fini3)
 *(.fini2)
 *(.fini2)
 *(.fini1)
 *(.fini1)
 *(.fini0)
 .fini0         0x0000000000000176        0x4 c:/program files/microchip/xc8/v2.32/avr/bin/../lib/gcc/avr/5.4.0/avr6/memx-const\libgcc.a(_exit.o)
 *(.fini0)
                0x000000000000017a                _etext = .

.data           0x0000000000800200        0x0 load address 0x000000000000017a
                [!provide]                        PROVIDE (__data_start, .)
 *(.gnu.linkonce.d*)
 *(.gnu.linkonce.r*)
                0x0000000000800200                . = ALIGN (0x2)
                0x0000000000800200                _edata = .
                [!provide]                        PROVIDE (__data_end, .)

.bss            0x0000000000800200        0x5
                [!provide]                        PROVIDE (__bss_start, .)
 *(COMMON)
 COMMON         0x0000000000800200        0x1 build/default/production/lcdpcf8574.o
                0x0000000000800200                pcf8574_pinstatus
 COMMON         0x0000000000800201        0x4 c:/program files/microchip/xc8/v2.32/avr/bin/../lib/gcc/avr/5.4.0/../../../../avr/lib/avr6/memx-const\libc.a(system_time.o)
                0x0000000000800201                __system_time
                [!provide]                        PROVIDE (__bss_end, .)
                0x000000000000017a                __data_load_start = LOADADDR (.data)
                0x000000000000017a                __data_load_end = (__data_load_start + SIZEOF (.data))

.noinit         0x0000000000800205        0x0
                [!provide]                        PROVIDE (__noinit_start, .)
 *(.noinit*)
                [!provide]                        PROVIDE (__noinit_end, .)
                0x0000000000800205                _end = .

.eeprom         0x0000000000810000        0x0
 *(.eeprom*)
                0x0000000000810000                __eeprom_end = .

.fuse
 *(.fuse)
 *(.lfuse)
 *(.hfuse)
 *(.efuse)

.lock
 *(.lock*)

.signature
 *(.signature*)

.user_signatures
 *(.user_signatures*)

.stab
 *(.stab)

.stabstr
 *(.stabstr)

.stab.excl
 *(.stab.excl)

.stab.exclstr
 *(.stab.exclstr)

.stab.index
 *(.stab.index)

.stab.indexstr
 *(.stab.indexstr)

.comment        0x0000000000000000       0x5b
 *(.comment)
 .comment       0x0000000000000000       0x2f build/default/production/heap_4.o
                                         0x30 (size before relaxing)
 .comment       0x000000000000002f       0x30 build/default/production/hooks.o
 .comment       0x000000000000002f       0x30 build/default/production/list.o
 .comment       0x000000000000002f       0x30 build/default/production/myprintf.o
 .comment       0x000000000000002f       0x30 build/default/production/port.o
 .comment       0x000000000000002f       0x30 build/default/production/queue.o
 .comment       0x000000000000002f       0x30 build/default/production/tasks.o
 .comment       0x000000000000002f       0x30 build/default/production/main.o
 .comment       0x000000000000002f       0x30 build/default/production/i2cmaster.o
 .comment       0x000000000000002f       0x30 build/default/production/lcdpcf8574.o
 .comment       0x000000000000002f       0x30 build/default/production/pcf8574.o
 .comment       0x000000000000002f       0x2c c:/program files/microchip/xc8/v2.32/avr/bin/../lib/gcc/avr/5.4.0/../../../../avr/lib/avr6/memx-const\libc.a(memcpy_M.o)
                                         0x2d (size before relaxing)
 .comment       0x000000000000005b       0x2d c:/program files/microchip/xc8/v2.32/avr/bin/../lib/gcc/avr/5.4.0/../../../../avr/lib/avr6/memx-const\libc.a(system_time.o)

.stack.descriptors.hdr
                0x0000000000000000       0x62
 .stack.descriptors.hdr
                0x0000000000000000        0xe c:/program files/microchip/xc8/v2.32/avr/bin/../lib/gcc/avr/5.4.0/avr6/memx-const\libgcc.a(_exit.o)
 .stack.descriptors.hdr
                0x000000000000000e        0xe c:/program files/microchip/xc8/v2.32/avr/bin/../lib/gcc/avr/5.4.0/avr6/memx-const\libgcc.a(_xload_1.o)
 .stack.descriptors.hdr
                0x000000000000001c        0xe c:/program files/microchip/xc8/v2.32/avr/bin/../lib/gcc/avr/5.4.0/avr6/memx-const\libgcc.a(_xload_2.o)
 .stack.descriptors.hdr
                0x000000000000002a        0xe c:/program files/microchip/xc8/v2.32/avr/bin/../lib/gcc/avr/5.4.0/../../../../avr/lib/avr6/memx-const\libc.a(memcpy_M.o)
 .stack.descriptors.hdr
                0x0000000000000038        0xe c:/program files/microchip/xc8/v2.32/avr/bin/../lib/gcc/avr/5.4.0/../../../../avr/lib/avr6/memx-const\libc.a(memset.o)
 .stack.descriptors.hdr
                0x0000000000000046        0xe c:/program files/microchip/xc8/v2.32/avr/bin/../lib/gcc/avr/5.4.0/../../../../avr/lib/avr6/memx-const\libc.a(system_tick.o)
 .stack.descriptors.hdr
                0x0000000000000054        0xe c:/program files/microchip/xc8/v2.32/avr/bin/../lib/gcc/avr/5.4.0/../../../../avr/lib/avr6/memx-const\libc.a(system_time.o)

.note.gnu.build-id
 *(.note.gnu.build-id)

.debug
 *(.debug)

.line
 *(.line)

.debug_srcinfo
 *(.debug_srcinfo)

.debug_sfnames
 *(.debug_sfnames)

.debug_aranges  0x0000000000000000      0x480
 *(.debug_aranges)
 .debug_aranges
                0x0000000000000000       0x40 build/default/production/heap_4.o
 .debug_aranges
                0x0000000000000040       0x20 build/default/production/hooks.o
 .debug_aranges
                0x0000000000000060       0x40 build/default/production/list.o
 .debug_aranges
                0x00000000000000a0       0x68 build/default/production/myprintf.o
 .debug_aranges
                0x0000000000000108       0x48 build/default/production/port.o
 .debug_aranges
                0x0000000000000150       0x88 build/default/production/queue.o
 .debug_aranges
                0x00000000000001d8       0xf8 build/default/production/tasks.o
 .debug_aranges
                0x00000000000002d0       0x58 build/default/production/main.o
 .debug_aranges
                0x0000000000000328       0x50 build/default/production/i2cmaster.o
 .debug_aranges
                0x0000000000000378       0xa0 build/default/production/lcdpcf8574.o
 .debug_aranges
                0x0000000000000418       0x68 build/default/production/pcf8574.o

.debug_pubnames
 *(.debug_pubnames)

.debug_info     0x0000000000000000     0x84df
 *(.debug_info .gnu.linkonce.wi.*)
 .debug_info    0x0000000000000000      0xbbc C:/Program Files/Microchip/MPLABX/v5.50/packs/Microchip/ATmega_DFP/2.3.126/xc8/avr/lib/avr6/memx-const/crtatmega2560.o
 .debug_info    0x0000000000000bbc      0x6b6 build/default/production/heap_4.o
 .debug_info    0x0000000000001272      0x350 build/default/production/hooks.o
 .debug_info    0x00000000000015c2      0x50c build/default/production/list.o
 .debug_info    0x0000000000001ace      0xa46 build/default/production/myprintf.o
 .debug_info    0x0000000000002514      0x51e build/default/production/port.o
 .debug_info    0x0000000000002a32     0x176e build/default/production/queue.o
 .debug_info    0x00000000000041a0     0x2418 build/default/production/tasks.o
 .debug_info    0x00000000000065b8      0x875 build/default/production/main.o
 .debug_info    0x0000000000006e2d      0x32f build/default/production/i2cmaster.o
 .debug_info    0x000000000000715c      0xbbf build/default/production/lcdpcf8574.o
 .debug_info    0x0000000000007d1b      0x7c4 build/default/production/pcf8574.o

.debug_abbrev   0x0000000000000000     0x1eea
 *(.debug_abbrev)
 .debug_abbrev  0x0000000000000000      0xb1a C:/Program Files/Microchip/MPLABX/v5.50/packs/Microchip/ATmega_DFP/2.3.126/xc8/avr/lib/avr6/memx-const/crtatmega2560.o
 .debug_abbrev  0x0000000000000b1a      0x1cb build/default/production/heap_4.o
 .debug_abbrev  0x0000000000000ce5       0xdc build/default/production/hooks.o
 .debug_abbrev  0x0000000000000dc1      0x10f build/default/production/list.o
 .debug_abbrev  0x0000000000000ed0      0x29e build/default/production/myprintf.o
 .debug_abbrev  0x000000000000116e      0x13d build/default/production/port.o
 .debug_abbrev  0x00000000000012ab      0x2b0 build/default/production/queue.o
 .debug_abbrev  0x000000000000155b      0x36d build/default/production/tasks.o
 .debug_abbrev  0x00000000000018c8      0x20a build/default/production/main.o
 .debug_abbrev  0x0000000000001ad2       0xa2 build/default/production/i2cmaster.o
 .debug_abbrev  0x0000000000001b74      0x1e9 build/default/production/lcdpcf8574.o
 .debug_abbrev  0x0000000000001d5d      0x18d build/default/production/pcf8574.o

.debug_line     0x0000000000000000     0x3a32
 *(.debug_line .debug_line.* .debug_line_end)
 .debug_line    0x0000000000000000      0x1fd C:/Program Files/Microchip/MPLABX/v5.50/packs/Microchip/ATmega_DFP/2.3.126/xc8/avr/lib/avr6/memx-const/crtatmega2560.o
 .debug_line    0x00000000000001fd      0x2cd build/default/production/heap_4.o
 .debug_line    0x00000000000004ca       0xea build/default/production/hooks.o
 .debug_line    0x00000000000005b4      0x1a5 build/default/production/list.o
 .debug_line    0x0000000000000759      0x5f1 build/default/production/myprintf.o
 .debug_line    0x0000000000000d4a      0x29d build/default/production/port.o
 .debug_line    0x0000000000000fe7      0xcce build/default/production/queue.o
 .debug_line    0x0000000000001cb5      0xfde build/default/production/tasks.o
 .debug_line    0x0000000000002c93      0x302 build/default/production/main.o
 .debug_line    0x0000000000002f95      0x1d4 build/default/production/i2cmaster.o
 .debug_line    0x0000000000003169      0x590 build/default/production/lcdpcf8574.o
 .debug_line    0x00000000000036f9      0x339 build/default/production/pcf8574.o

.debug_frame    0x0000000000000000      0xde4
 *(.debug_frame)
 .debug_frame   0x0000000000000000       0x90 build/default/production/heap_4.o
 .debug_frame   0x0000000000000090       0x24 build/default/production/hooks.o
 .debug_frame   0x00000000000000b4       0x88 build/default/production/list.o
 .debug_frame   0x000000000000013c      0x1e0 build/default/production/myprintf.o
 .debug_frame   0x000000000000031c       0x74 build/default/production/port.o
 .debug_frame   0x0000000000000390      0x28c build/default/production/queue.o
 .debug_frame   0x000000000000061c      0x3d8 build/default/production/tasks.o
 .debug_frame   0x00000000000009f4       0xec build/default/production/main.o
 .debug_frame   0x0000000000000ae0       0x84 build/default/production/i2cmaster.o
 .debug_frame   0x0000000000000b64      0x1a0 build/default/production/lcdpcf8574.o
 .debug_frame   0x0000000000000d04       0xe0 build/default/production/pcf8574.o

.debug_str      0x0000000000000000      0x99d
 *(.debug_str)
 .debug_str     0x0000000000000000      0x3e6 C:/Program Files/Microchip/MPLABX/v5.50/packs/Microchip/ATmega_DFP/2.3.126/xc8/avr/lib/avr6/memx-const/crtatmega2560.o
 .debug_str     0x00000000000003e6       0x1f build/default/production/heap_4.o
 .debug_str     0x0000000000000405        0x0 build/default/production/hooks.o
 .debug_str     0x0000000000000405       0x2b build/default/production/list.o
 .debug_str     0x0000000000000430       0x1b build/default/production/myprintf.o
 .debug_str     0x000000000000044b       0x32 build/default/production/port.o
 .debug_str     0x000000000000047d      0x1eb build/default/production/queue.o
 .debug_str     0x0000000000000668      0x1d9 build/default/production/tasks.o
 .debug_str     0x0000000000000841       0xa9 build/default/production/main.o
 .debug_str     0x00000000000008ea        0x0 build/default/production/i2cmaster.o
 .debug_str     0x00000000000008ea       0x73 build/default/production/lcdpcf8574.o
 .debug_str     0x000000000000095d       0x40 build/default/production/pcf8574.o

.debug_loc      0x0000000000000000     0x4631
 *(.debug_loc)
 .debug_loc     0x0000000000000000      0x392 build/default/production/heap_4.o
 .debug_loc     0x0000000000000392       0x6e build/default/production/hooks.o
 .debug_loc     0x0000000000000400       0xb8 build/default/production/list.o
 .debug_loc     0x00000000000004b8      0xc4e build/default/production/myprintf.o
 .debug_loc     0x0000000000001106      0x2e9 build/default/production/port.o
 .debug_loc     0x00000000000013ef      0xfdd build/default/production/queue.o
 .debug_loc     0x00000000000023cc     0x145f build/default/production/tasks.o
 .debug_loc     0x000000000000382b      0x1a5 build/default/production/main.o
 .debug_loc     0x00000000000039d0       0x94 build/default/production/i2cmaster.o
 .debug_loc     0x0000000000003a64      0x5ca build/default/production/lcdpcf8574.o
 .debug_loc     0x000000000000402e      0x603 build/default/production/pcf8574.o

.debug_macinfo
 *(.debug_macinfo)

.debug_weaknames
 *(.debug_weaknames)

.debug_funcnames
 *(.debug_funcnames)

.debug_typenames
 *(.debug_typenames)

.debug_varnames
 *(.debug_varnames)

.debug_pubtypes
 *(.debug_pubtypes)

.debug_ranges   0x0000000000000000      0x600
 *(.debug_ranges)
 .debug_ranges  0x0000000000000000       0x30 build/default/production/heap_4.o
 .debug_ranges  0x0000000000000030       0x10 build/default/production/hooks.o
 .debug_ranges  0x0000000000000040       0x30 build/default/production/list.o
 .debug_ranges  0x0000000000000070       0x90 build/default/production/myprintf.o
 .debug_ranges  0x0000000000000100       0x38 build/default/production/port.o
 .debug_ranges  0x0000000000000138      0x138 build/default/production/queue.o
 .debug_ranges  0x0000000000000270      0x208 build/default/production/tasks.o
 .debug_ranges  0x0000000000000478       0x48 build/default/production/main.o
 .debug_ranges  0x00000000000004c0       0x40 build/default/production/i2cmaster.o
 .debug_ranges  0x0000000000000500       0xa8 build/default/production/lcdpcf8574.o
 .debug_ranges  0x00000000000005a8       0x58 build/default/production/pcf8574.o

.debug_macro
 *(.debug_macro)
OUTPUT(dist/default/production/FinalProject_v1.X.production.elf elf32-avr)
LOAD linker stubs
LOAD data_init

.note.gnu.avr.deviceinfo
                0x0000000000000000       0x40
 .note.gnu.avr.deviceinfo
                0x0000000000000000       0x40 C:/Program Files/Microchip/MPLABX/v5.50/packs/Microchip/ATmega_DFP/2.3.126/xc8/avr/lib/avr6/memx-const/crtatmega2560.o

.bss.xBlockAllocatedBit
                0x0000000000801a5d        0x2
 .bss.xBlockAllocatedBit
                0x0000000000801a5d        0x2 build/default/production/heap_4.o

.bss.pxEnd      0x0000000000801a63        0x2
 .bss.pxEnd     0x0000000000801a63        0x2 build/default/production/heap_4.o

.bss.xStart     0x0000000000801a59        0x4
 .bss.xStart    0x0000000000801a59        0x4 build/default/production/heap_4.o

.bss.ucHeap     0x0000000000800205     0x1800
 .bss.ucHeap    0x0000000000800205     0x1800 build/default/production/heap_4.o

.bss.zs         0x0000000000801a7b        0x1
 .bss.zs        0x0000000000801a7b        0x1 build/default/production/myprintf.o

.bss.uc         0x0000000000801a7c        0x1
 .bss.uc        0x0000000000801a7c        0x1 build/default/production/myprintf.o

.bss.num        0x0000000000801a65        0x2
 .bss.num       0x0000000000801a65        0x2 build/default/production/myprintf.o

.bss.buf        0x0000000000801a29        0xc
 .bss.buf       0x0000000000801a29        0xc build/default/production/myprintf.o

.bss.bf         0x0000000000801a67        0x2
 .bss.bf        0x0000000000801a67        0x2 build/default/production/myprintf.o

.bss.ticksRemainingInSec
                0x0000000000801a69        0x2
 .bss.ticksRemainingInSec
                0x0000000000801a69        0x2 build/default/production/port.o

.bss.portTickRateHz
                0x0000000000801a6b        0x2
 .bss.portTickRateHz
                0x0000000000801a6b        0x2 build/default/production/port.o

.bss.uxSchedulerSuspended
                0x0000000000801a7d        0x1
 .bss.uxSchedulerSuspended
                0x0000000000801a7d        0x1 build/default/production/tasks.o

.bss.uxTaskNumber
                0x0000000000801a7e        0x1
 .bss.uxTaskNumber
                0x0000000000801a7e        0x1 build/default/production/tasks.o

.bss.xNumOfOverflows
                0x0000000000801a7f        0x1
 .bss.xNumOfOverflows
                0x0000000000801a7f        0x1 build/default/production/tasks.o

.bss.xYieldPending
                0x0000000000801a80        0x1
 .bss.xYieldPending
                0x0000000000801a80        0x1 build/default/production/tasks.o

.bss.uxPendedTicks
                0x0000000000801a81        0x1
 .bss.uxPendedTicks
                0x0000000000801a81        0x1 build/default/production/tasks.o

.bss.xSchedulerRunning
                0x0000000000801a82        0x1
 .bss.xSchedulerRunning
                0x0000000000801a82        0x1 build/default/production/tasks.o

.bss.uxTopReadyPriority
                0x0000000000801a83        0x1
 .bss.uxTopReadyPriority
                0x0000000000801a83        0x1 build/default/production/tasks.o

.bss.xTickCount
                0x0000000000801a6f        0x2
 .bss.xTickCount
                0x0000000000801a6f        0x2 build/default/production/tasks.o

.bss.uxCurrentNumberOfTasks
                0x0000000000801a84        0x1
 .bss.uxCurrentNumberOfTasks
                0x0000000000801a84        0x1 build/default/production/tasks.o

.bss.xSuspendedTaskList
                0x0000000000801a35        0x9
 .bss.xSuspendedTaskList
                0x0000000000801a35        0x9 build/default/production/tasks.o

.bss.xPendingReadyList
                0x0000000000801a3e        0x9
 .bss.xPendingReadyList
                0x0000000000801a3e        0x9 build/default/production/tasks.o

.bss.pxOverflowDelayedTaskList
                0x0000000000801a71        0x2
 .bss.pxOverflowDelayedTaskList
                0x0000000000801a71        0x2 build/default/production/tasks.o

.bss.pxDelayedTaskList
                0x0000000000801a73        0x2
 .bss.pxDelayedTaskList
                0x0000000000801a73        0x2 build/default/production/tasks.o

.bss.xDelayedTaskList2
                0x0000000000801a47        0x9
 .bss.xDelayedTaskList2
                0x0000000000801a47        0x9 build/default/production/tasks.o

.bss.xDelayedTaskList1
                0x0000000000801a50        0x9
 .bss.xDelayedTaskList1
                0x0000000000801a50        0x9 build/default/production/tasks.o

.bss.pxReadyTasksLists
                0x0000000000801a05       0x24
 .bss.pxReadyTasksLists
                0x0000000000801a05       0x24 build/default/production/tasks.o

.bss.pxCurrentTCB
                0x0000000000801a75        0x2
 .bss.pxCurrentTCB
                0x0000000000801a75        0x2 build/default/production/tasks.o
                0x0000000000801a75                pxCurrentTCB

.bss.Queue2     0x0000000000801a77        0x2
 .bss.Queue2    0x0000000000801a77        0x2 build/default/production/main.o
                0x0000000000801a77                Queue2

.bss.Queue1     0x0000000000801a79        0x2
 .bss.Queue1    0x0000000000801a79        0x2 build/default/production/main.o
                0x0000000000801a79                Queue1

.bss.dataport   0x0000000000801a85        0x1
 .bss.dataport  0x0000000000801a85        0x1 build/default/production/lcdpcf8574.o
                0x0000000000801a85                dataport

.progmemx.data  0x000000000000017a       0x19
 .progmemx.data
                0x000000000000017a       0x19 build/default/production/main.o

.progmemx.data  0x0000000000000193        0x5
 .progmemx.data
                0x0000000000000193        0x5 build/default/production/tasks.o

.text.xQueueGenericSend
                0x0000000000000198      0x3f8
 .text.xQueueGenericSend
                0x0000000000000198      0x3f8 build/default/production/queue.o
                0x0000000000000198                xQueueGenericSend

.text.xQueueGenericReceive
                0x0000000000000590      0x3a8
 .text.xQueueGenericReceive
                0x0000000000000590      0x3a8 build/default/production/queue.o
                0x0000000000000590                xQueueGenericReceive

.text.vTaskDelay
                0x0000000000000938      0x33c
 .text.vTaskDelay
                0x0000000000000938      0x33c build/default/production/tasks.o
                0x0000000000000938                vTaskDelay

.text.tfp_printf
                0x0000000000000c74      0x2de
 .text.tfp_printf
                0x0000000000000c74      0x2de build/default/production/myprintf.o
                0x0000000000000c74                tfp_printf

.text.xTaskResumeAll
                0x0000000000000f52      0x2a8
 .text.xTaskResumeAll
                0x0000000000000f52      0x2a8 build/default/production/tasks.o
                0x0000000000000f52                xTaskResumeAll

.text.xTaskGenericCreate
                0x00000000000011fa      0x270
 .text.xTaskGenericCreate
                0x00000000000011fa      0x270 build/default/production/tasks.o
                0x00000000000011fa                xTaskGenericCreate

.text.pvPortMalloc
                0x000000000000146a      0x222
 .text.pvPortMalloc
                0x000000000000146a      0x222 build/default/production/heap_4.o
                0x000000000000146a                pvPortMalloc

.text.vTaskStartScheduler
                0x000000000000168c      0x1d8
 .text.vTaskStartScheduler
                0x000000000000168c      0x1d8 build/default/production/tasks.o
                0x000000000000168c                vTaskStartScheduler

.text.xTaskIncrementTick
                0x0000000000001864      0x1b2
 .text.xTaskIncrementTick
                0x0000000000001864      0x1b2 build/default/production/tasks.o
                0x0000000000001864                xTaskIncrementTick

.text.lcd_write
                0x0000000000001a16      0x144
 .text.lcd_write
                0x0000000000001a16      0x144 build/default/production/lcdpcf8574.o

.text.vTaskSwitchContext
                0x0000000000001b5a      0x110
 .text.vTaskSwitchContext
                0x0000000000001b5a      0x110 build/default/production/tasks.o
                0x0000000000001b5a                vTaskSwitchContext

.text.vPortYieldFromTick
                0x0000000000001c6a       0xf2
 .text.vPortYieldFromTick
                0x0000000000001c6a       0xf2 build/default/production/port.o
                0x0000000000001c6a                vPortYieldFromTick

.text.pxPortInitialiseStack
                0x0000000000001d5c       0xe4
 .text.pxPortInitialiseStack
                0x0000000000001d5c       0xe4 build/default/production/port.o
                0x0000000000001d5c                pxPortInitialiseStack

.text.vPortFree
                0x0000000000001e40       0xe0
 .text.vPortFree
                0x0000000000001e40       0xe0 build/default/production/heap_4.o
                0x0000000000001e40                vPortFree

.text.lcd_read  0x0000000000001f20       0xd0
 .text.lcd_read
                0x0000000000001f20       0xd0 build/default/production/lcdpcf8574.o

.text.main      0x0000000000001ff0       0xc8
 .text.main     0x0000000000001ff0       0xc8 build/default/production/main.o
                0x0000000000001ff0                main

.text.vTaskPriorityInherit
                0x00000000000020b8       0xc4
 .text.vTaskPriorityInherit
                0x00000000000020b8       0xc4 build/default/production/tasks.o
                0x00000000000020b8                vTaskPriorityInherit

.text.vPortYield
                0x000000000000217c       0xc2
 .text.vPortYield
                0x000000000000217c       0xc2 build/default/production/port.o
                0x000000000000217c                vPortYield

.text.vTaskPlaceOnEventList
                0x000000000000223e       0xb6
 .text.vTaskPlaceOnEventList
                0x000000000000223e       0xb6 build/default/production/tasks.o
                0x000000000000223e                vTaskPlaceOnEventList

.text.xQueueGenericCreate
                0x00000000000022f4       0xac
 .text.xQueueGenericCreate
                0x00000000000022f4       0xac build/default/production/queue.o
                0x00000000000022f4                xQueueGenericCreate

.text.lcd_init  0x00000000000023a0       0xa4
 .text.lcd_init
                0x00000000000023a0       0xa4 build/default/production/lcdpcf8574.o
                0x00000000000023a0                lcd_init

.text.xTaskRemoveFromEventList
                0x0000000000002444       0x98
 .text.xTaskRemoveFromEventList
                0x0000000000002444       0x98 build/default/production/tasks.o
                0x0000000000002444                xTaskRemoveFromEventList

.text.xPortStartScheduler
                0x00000000000024dc       0x92
 .text.xPortStartScheduler
                0x00000000000024dc       0x92 build/default/production/port.o
                0x00000000000024dc                xPortStartScheduler

.text.sender_task
                0x000000000000256e       0x8e
 .text.sender_task
                0x000000000000256e       0x8e build/default/production/main.o
                0x000000000000256e                sender_task

.text.receiver_task
                0x00000000000025fc       0x78
 .text.receiver_task
                0x00000000000025fc       0x78 build/default/production/main.o
                0x00000000000025fc                receiver_task

.text.xTaskCheckForTimeOut
                0x0000000000002674       0x76
 .text.xTaskCheckForTimeOut
                0x0000000000002674       0x76 build/default/production/tasks.o
                0x0000000000002674                xTaskCheckForTimeOut

.text.vTaskPriorityDisinherit
                0x00000000000026ea       0x70
 .text.vTaskPriorityDisinherit
                0x00000000000026ea       0x70 build/default/production/tasks.o
                0x00000000000026ea                vTaskPriorityDisinherit

.text.vListInsert
                0x000000000000275a       0x62
 .text.vListInsert
                0x000000000000275a       0x62 build/default/production/list.o
                0x000000000000275a                vListInsert

.text.pcf8574_setoutputpin
                0x00000000000027bc       0x5c
 .text.pcf8574_setoutputpin
                0x00000000000027bc       0x5c build/default/production/pcf8574.o
                0x00000000000027bc                pcf8574_setoutputpin

.text.keyboard  0x0000000000002818       0x5a
 .text.keyboard
                0x0000000000002818       0x5a build/default/production/main.o
                0x0000000000002818                keyboard

.text.uxListRemove
                0x0000000000002872       0x4c
 .text.uxListRemove
                0x0000000000002872       0x4c build/default/production/list.o
                0x0000000000002872                uxListRemove

.text.divOut    0x00000000000028be       0x48
 .text.divOut   0x00000000000028be       0x48 build/default/production/myprintf.o

.text.lcd_putc  0x0000000000002906       0x48
 .text.lcd_putc
                0x0000000000002906       0x48 build/default/production/lcdpcf8574.o
                0x0000000000002906                lcd_putc

.text.vListInsertEnd
                0x000000000000294e       0x42
 .text.vListInsertEnd
                0x000000000000294e       0x42 build/default/production/list.o
                0x000000000000294e                vListInsertEnd

.text.i2c_start
                0x0000000000002990       0x42
 .text.i2c_start
                0x0000000000002990       0x42 build/default/production/i2cmaster.o
                0x0000000000002990                i2c_start

.text           0x00000000000029d2       0x38
 .text          0x00000000000029d2       0x38 c:/program files/microchip/xc8/v2.32/avr/bin/../lib/gcc/avr/5.4.0/../../../../avr/lib/avr6/memx-const\libc.a(system_tick.o)
                0x00000000000029d2                system_tick

.text.pcf8574_getinputpin
                0x0000000000002a0a       0x32
 .text.pcf8574_getinputpin
                0x0000000000002a0a       0x32 build/default/production/pcf8574.o
                0x0000000000002a0a                pcf8574_getinputpin

.text.avrlibc   0x0000000000002a3c       0x32
 .text.avrlibc  0x0000000000002a3c       0x32 c:/program files/microchip/xc8/v2.32/avr/bin/../lib/gcc/avr/5.4.0/../../../../avr/lib/avr6/memx-const\libc.a(memcpy_M.o)
                0x0000000000002a3c                memcpy

.text.lcd_led   0x0000000000002a6e       0x26
 .text.lcd_led  0x0000000000002a6e       0x26 build/default/production/lcdpcf8574.o
                0x0000000000002a6e                lcd_led

.text.pcf8574_setoutput
                0x0000000000002a94       0x26
 .text.pcf8574_setoutput
                0x0000000000002a94       0x26 build/default/production/pcf8574.o
                0x0000000000002a94                pcf8574_setoutput

.text.outDgt    0x0000000000002aba       0x24
 .text.outDgt   0x0000000000002aba       0x24 build/default/production/myprintf.o

.text.myputchar
                0x0000000000002ade       0x24
 .text.myputchar
                0x0000000000002ade       0x24 build/default/production/myprintf.o

.text.i2c_write
                0x0000000000002b02       0x24
 .text.i2c_write
                0x0000000000002b02       0x24 build/default/production/i2cmaster.o
                0x0000000000002b02                i2c_write

.text.USART_Init
                0x0000000000002b26       0x22
 .text.USART_Init
                0x0000000000002b26       0x22 build/default/production/main.o
                0x0000000000002b26                USART_Init

.text.pcf8574_getinput
                0x0000000000002b48       0x22
 .text.pcf8574_getinput
                0x0000000000002b48       0x22 build/default/production/pcf8574.o
                0x0000000000002b48                pcf8574_getinput

.text.vListInitialise
                0x0000000000002b6a       0x1c
 .text.vListInitialise
                0x0000000000002b6a       0x1c build/default/production/list.o
                0x0000000000002b6a                vListInitialise

.text.vApplicationStackOverflowHook
                0x0000000000002b86       0x1a
 .text.vApplicationStackOverflowHook
                0x0000000000002b86       0x1a build/default/production/hooks.o
                0x0000000000002b86                vApplicationStackOverflowHook

.text.out       0x0000000000002ba0       0x1a
 .text.out      0x0000000000002ba0       0x1a build/default/production/myprintf.o

.text.lcd_waitbusy
                0x0000000000002bba       0x1a
 .text.lcd_waitbusy
                0x0000000000002bba       0x1a build/default/production/lcdpcf8574.o

.text.vTaskSetTimeOutState
                0x0000000000002bd4       0x16
 .text.vTaskSetTimeOutState
                0x0000000000002bd4       0x16 build/default/production/tasks.o
                0x0000000000002bd4                vTaskSetTimeOutState

.text.i2c_readNak
                0x0000000000002bea       0x16
 .text.i2c_readNak
                0x0000000000002bea       0x16 build/default/production/i2cmaster.o
                0x0000000000002bea                i2c_readNak

.text.toggle_e  0x0000000000002c00       0x14
 .text.toggle_e
                0x0000000000002c00       0x14 build/default/production/lcdpcf8574.o

.text.lcd_command
                0x0000000000002c14       0x14
 .text.lcd_command
                0x0000000000002c14       0x14 build/default/production/lcdpcf8574.o
                0x0000000000002c14                lcd_command

.text.lcd_gotoxy
                0x0000000000002c28       0x14
 .text.lcd_gotoxy
                0x0000000000002c28       0x14 build/default/production/lcdpcf8574.o
                0x0000000000002c28                lcd_gotoxy

.text.USART_Receive
                0x0000000000002c3c       0x12
 .text.USART_Receive
                0x0000000000002c3c       0x12 build/default/production/main.o
                0x0000000000002c3c                USART_Receive

.text.i2c_stop  0x0000000000002c4e       0x12
 .text.i2c_stop
                0x0000000000002c4e       0x12 build/default/production/i2cmaster.o
                0x0000000000002c4e                i2c_stop

.text.pcf8574_init
                0x0000000000002c60       0x12
 .text.pcf8574_init
                0x0000000000002c60       0x12 build/default/production/pcf8574.o
                0x0000000000002c60                pcf8574_init

.text.libgcc    0x0000000000002c72       0x12
 .text.libgcc   0x0000000000002c72       0x12 c:/program files/microchip/xc8/v2.32/avr/bin/../lib/gcc/avr/5.4.0/avr6/memx-const\libgcc.a(_xload_2.o)
                0x0000000000002c72                __xload_2

.text.portsInit
                0x0000000000002c84       0x10
 .text.portsInit
                0x0000000000002c84       0x10 build/default/production/main.o
                0x0000000000002c84                portsInit

.text.USART_Transmit
                0x0000000000002c94       0x10
 .text.USART_Transmit
                0x0000000000002c94       0x10 build/default/production/main.o
                0x0000000000002c94                USART_Transmit

.text.libgcc    0x0000000000002ca4        0xe
 .text.libgcc   0x0000000000002ca4        0xe c:/program files/microchip/xc8/v2.32/avr/bin/../lib/gcc/avr/5.4.0/avr6/memx-const\libgcc.a(_xload_1.o)
                0x0000000000002ca4                __xload_1

.text.avrlibc   0x0000000000002cb2        0xe
 .text.avrlibc  0x0000000000002cb2        0xe c:/program files/microchip/xc8/v2.32/avr/bin/../lib/gcc/avr/5.4.0/../../../../avr/lib/avr6/memx-const\libc.a(memset.o)
                0x0000000000002cb2                memset

.text.vTaskSuspendAll
                0x0000000000002cc0        0xc
 .text.vTaskSuspendAll
                0x0000000000002cc0        0xc build/default/production/tasks.o
                0x0000000000002cc0                vTaskSuspendAll

.text.i2c_init  0x0000000000002ccc        0xc
 .text.i2c_init
                0x0000000000002ccc        0xc build/default/production/i2cmaster.o
                0x0000000000002ccc                i2c_init

.text.xTaskGetCurrentTaskHandle
                0x0000000000002cd8        0xa
 .text.xTaskGetCurrentTaskHandle
                0x0000000000002cd8        0xa build/default/production/tasks.o
                0x0000000000002cd8                xTaskGetCurrentTaskHandle

.text.vListInitialiseItem
                0x0000000000002ce2        0x8
 .text.vListInitialiseItem
                0x0000000000002ce2        0x8 build/default/production/list.o
                0x0000000000002ce2                vListInitialiseItem

.text.vTaskMissedYield
                0x0000000000002cea        0x8
 .text.vTaskMissedYield
                0x0000000000002cea        0x8 build/default/production/tasks.o
                0x0000000000002cea                vTaskMissedYield

.text.lcd_clrscr
                0x0000000000002cf2        0x8
 .text.lcd_clrscr
                0x0000000000002cf2        0x8 build/default/production/lcdpcf8574.o
                0x0000000000002cf2                lcd_clrscr

.text.lcd_home  0x0000000000002cfa        0x8
 .text.lcd_home
                0x0000000000002cfa        0x8 build/default/production/lcdpcf8574.o
                0x0000000000002cfa                lcd_home

.text.pcf8574_setoutputpinhigh
                0x0000000000002d02        0x8
 .text.pcf8574_setoutputpinhigh
                0x0000000000002d02        0x8 build/default/production/pcf8574.o
                0x0000000000002d02                pcf8574_setoutputpinhigh

.text.pcf8574_setoutputpinlow
                0x0000000000002d0a        0x8
 .text.pcf8574_setoutputpinlow
                0x0000000000002d0a        0x8 build/default/production/pcf8574.o
                0x0000000000002d0a                pcf8574_setoutputpinlow

.text.__vector_32
                0x0000000000002d12        0x6
 .text.__vector_32
                0x0000000000002d12        0x6 build/default/production/port.o
                0x0000000000002d12                __vector_32

.text           0x0000000000002d18        0x4
 .text          0x0000000000002d18        0x4 C:/Program Files/Microchip/MPLABX/v5.50/packs/Microchip/ATmega_DFP/2.3.126/xc8/avr/lib/avr6/memx-const/crtatmega2560.o
                0x0000000000002d18                __vector_38
                0x0000000000002d18                __vector_22
                0x0000000000002d18                __vector_28
                0x0000000000002d18                __vector_1
                0x0000000000002d18                __vector_34
                0x0000000000002d18                __vector_24
                0x0000000000002d18                __vector_12
                0x0000000000002d18                __vector_55
                0x0000000000002d18                __vector_46
                0x0000000000002d18                __bad_interrupt
                0x0000000000002d18                __vector_6
                0x0000000000002d18                __vector_31
                0x0000000000002d18                __vector_35
                0x0000000000002d18                __vector_39
                0x0000000000002d18                __vector_3
                0x0000000000002d18                __vector_23
                0x0000000000002d18                __vector_30
                0x0000000000002d18                __vector_45
                0x0000000000002d18                __vector_25
                0x0000000000002d18                __vector_11
                0x0000000000002d18                __vector_54
                0x0000000000002d18                __vector_13
                0x0000000000002d18                __vector_17
                0x0000000000002d18                __vector_19
                0x0000000000002d18                __vector_56
                0x0000000000002d18                __vector_7
                0x0000000000002d18                __vector_49
                0x0000000000002d18                __vector_41
                0x0000000000002d18                __vector_43
                0x0000000000002d18                __vector_27
                0x0000000000002d18                __vector_5
                0x0000000000002d18                __vector_33
                0x0000000000002d18                __vector_47
                0x0000000000002d18                __vector_52
                0x0000000000002d18                __vector_37
                0x0000000000002d18                __vector_4
                0x0000000000002d18                __vector_44
                0x0000000000002d18                __vector_51
                0x0000000000002d18                __vector_9
                0x0000000000002d18                __vector_2
                0x0000000000002d18                __vector_21
                0x0000000000002d18                __vector_15
                0x0000000000002d18                __vector_36
                0x0000000000002d18                __vector_29
                0x0000000000002d18                __vector_40
                0x0000000000002d18                __vector_8
                0x0000000000002d18                __vector_26
                0x0000000000002d18                __vector_48
                0x0000000000002d18                __vector_14
                0x0000000000002d18                __vector_53
                0x0000000000002d18                __vector_10
                0x0000000000002d18                __vector_50
                0x0000000000002d18                __vector_16
                0x0000000000002d18                __vector_18
                0x0000000000002d18                __vector_20
                0x0000000000002d18                __vector_42

.data.xMinimumEverFreeBytesRemaining
                0x0000000000801a5f        0x2 load address 0x0000000000002d1c
 .data.xMinimumEverFreeBytesRemaining
                0x0000000000801a5f        0x2 build/default/production/heap_4.o

.data.xFreeBytesRemaining
                0x0000000000801a61        0x2 load address 0x0000000000002d1e
 .data.xFreeBytesRemaining
                0x0000000000801a61        0x2 build/default/production/heap_4.o

.data.xNextTaskUnblockTime
                0x0000000000801a6d        0x2 load address 0x0000000000002d20
 .data.xNextTaskUnblockTime
                0x0000000000801a6d        0x2 build/default/production/tasks.o
